

================================================================
== Vivado HLS Report for 'hls_fp_accumulator'
================================================================
* Date:           Fri Dec 25 23:29:08 2020

* Version:        2019.2 (Build 2704478 on Wed Nov 06 22:10:23 MST 2019)
* Project:        hls_fp_acc_prj
* Solution:       solution4
* Product family: kintex7
* Target device:  xc7k325t-ffg900-2


================================================================
== Performance Estimates
================================================================
+ Timing: 
    * Summary: 
    +--------+---------+----------+------------+
    |  Clock |  Target | Estimated| Uncertainty|
    +--------+---------+----------+------------+
    |ap_clk  | 2.50 ns | 3.359 ns |   0.31 ns  |
    +--------+---------+----------+------------+

+ Latency: 
    * Summary: 
    +---------+---------+----------+----------+-----+-----+----------+
    |  Latency (cycles) |  Latency (absolute) |  Interval | Pipeline |
    |   min   |   max   |    min   |    max   | min | max |   Type   |
    +---------+---------+----------+----------+-----+-----+----------+
    |      245|      245| 0.823 us | 0.823 us |   64|   64| function |
    +---------+---------+----------+----------+-----+-----+----------+

    + Detail: 
        * Instance: 
        N/A

        * Loop: 
        N/A



================================================================
== Utilization Estimates
================================================================
* Summary: 
+-----------------+---------+-------+--------+--------+-----+
|       Name      | BRAM_18K| DSP48E|   FF   |   LUT  | URAM|
+-----------------+---------+-------+--------+--------+-----+
|DSP              |        -|      -|       -|       -|    -|
|Expression       |        -|      -|       0|       4|    -|
|FIFO             |        -|      -|       -|       -|    -|
|Instance         |        -|      4|     788|     486|    -|
|Memory           |        -|      -|       -|       -|    -|
|Multiplexer      |        -|      -|       -|    1573|    -|
|Register         |        -|      -|    3844|       -|    -|
+-----------------+---------+-------+--------+--------+-----+
|Total            |        0|      4|    4632|    2063|    0|
+-----------------+---------+-------+--------+--------+-----+
|Available        |      890|    840|  407600|  203800|    0|
+-----------------+---------+-------+--------+--------+-----+
|Utilization (%)  |        0|   ~0  |       1|       1|    0|
+-----------------+---------+-------+--------+--------+-----+

+ Detail: 
    * Instance: 
    +-------------------------+----------------------+---------+-------+-----+-----+-----+
    |         Instance        |        Module        | BRAM_18K| DSP48E|  FF | LUT | URAM|
    +-------------------------+----------------------+---------+-------+-----+-----+-----+
    |hls_fp_accumulatobkb_U1  |hls_fp_accumulatobkb  |        0|      2|  394|  243|    0|
    |hls_fp_accumulatobkb_U2  |hls_fp_accumulatobkb  |        0|      2|  394|  243|    0|
    +-------------------------+----------------------+---------+-------+-----+-----+-----+
    |Total                    |                      |        0|      4|  788|  486|    0|
    +-------------------------+----------------------+---------+-------+-----+-----+-----+

    * DSP48E: 
    N/A

    * Memory: 
    N/A

    * FIFO: 
    N/A

    * Expression: 
    +---------------------------+----------+-------+---+----+------------+------------+
    |       Variable Name       | Operation| DSP48E| FF| LUT| Bitwidth P0| Bitwidth P1|
    +---------------------------+----------+-------+---+----+------------+------------+
    |ap_block_pp0_stage0_11001  |    and   |      0|  0|   2|           1|           1|
    |ap_enable_pp0              |    xor   |      0|  0|   2|           1|           2|
    +---------------------------+----------+-------+---+----+------------+------------+
    |Total                      |          |      0|  0|   4|           2|           3|
    +---------------------------+----------+-------+---+----+------------+------------+

    * Multiplexer: 
    +-------------------------+-----+-----------+-----+-----------+
    |           Name          | LUT | Input Size| Bits| Total Bits|
    +-------------------------+-----+-----------+-----+-----------+
    |ap_NS_fsm                |  293|         65|    1|         65|
    |ap_enable_reg_pp0_iter0  |    9|          2|    1|          2|
    |ap_enable_reg_pp0_iter3  |    9|          2|    1|          2|
    |grp_fu_1437_p0           |   85|         17|   32|        544|
    |grp_fu_1437_p1           |   85|         17|   32|        544|
    |grp_fu_1441_p0           |  241|         56|   32|       1792|
    |grp_fu_1441_p1           |  265|         62|   32|       1984|
    |window0_address0         |  293|         65|    7|        455|
    |window0_address1         |  293|         65|    7|        455|
    +-------------------------+-----+-----------+-----+-----------+
    |Total                    | 1573|        351|  145|       5843|
    +-------------------------+-----+-----------+-----+-----------+

    * Register: 
    +-----------------------------+----+----+-----+-----------+
    |             Name            | FF | LUT| Bits| Const Bits|
    +-----------------------------+----+----+-----+-----------+
    |ap_CS_fsm                    |  64|   0|   64|          0|
    |ap_enable_reg_pp0_iter0_reg  |   1|   0|    1|          0|
    |ap_enable_reg_pp0_iter1      |   1|   0|    1|          0|
    |ap_enable_reg_pp0_iter2      |   1|   0|    1|          0|
    |ap_enable_reg_pp0_iter3      |   1|   0|    1|          0|
    |reg_1445                     |  32|   0|   32|          0|
    |reg_1450                     |  32|   0|   32|          0|
    |reg_1455                     |  32|   0|   32|          0|
    |reg_1460                     |  32|   0|   32|          0|
    |reg_1465                     |  32|   0|   32|          0|
    |reg_1470                     |  32|   0|   32|          0|
    |reg_1475                     |  32|   0|   32|          0|
    |reg_1480                     |  32|   0|   32|          0|
    |reg_1485                     |  32|   0|   32|          0|
    |reg_1490                     |  32|   0|   32|          0|
    |reg_1495                     |  32|   0|   32|          0|
    |reg_1500                     |  32|   0|   32|          0|
    |reg_1505                     |  32|   0|   32|          0|
    |reg_1510                     |  32|   0|   32|          0|
    |reg_1515                     |  32|   0|   32|          0|
    |reg_1520                     |  32|   0|   32|          0|
    |reg_1525                     |  32|   0|   32|          0|
    |reg_1530                     |  32|   0|   32|          0|
    |reg_1535                     |  32|   0|   32|          0|
    |reg_1540                     |  32|   0|   32|          0|
    |reg_1545                     |  32|   0|   32|          0|
    |reg_1550                     |  32|   0|   32|          0|
    |reg_1555                     |  32|   0|   32|          0|
    |reg_1560                     |  32|   0|   32|          0|
    |reg_1565                     |  32|   0|   32|          0|
    |reg_1571                     |  32|   0|   32|          0|
    |reg_1577                     |  32|   0|   32|          0|
    |reg_1583                     |  32|   0|   32|          0|
    |reg_1589                     |  32|   0|   32|          0|
    |reg_1595                     |  32|   0|   32|          0|
    |reg_1601                     |  32|   0|   32|          0|
    |reg_1607                     |  32|   0|   32|          0|
    |reg_1613                     |  32|   0|   32|          0|
    |reg_1619                     |  32|   0|   32|          0|
    |reg_1625                     |  32|   0|   32|          0|
    |reg_1631                     |  32|   0|   32|          0|
    |reg_1637                     |  32|   0|   32|          0|
    |reg_1643                     |  32|   0|   32|          0|
    |reg_1649                     |  32|   0|   32|          0|
    |reg_1655                     |  32|   0|   32|          0|
    |reg_1661                     |  32|   0|   32|          0|
    |reg_1667                     |  32|   0|   32|          0|
    |reg_1673                     |  32|   0|   32|          0|
    |reg_1679                     |  32|   0|   32|          0|
    |reg_1685                     |  32|   0|   32|          0|
    |reg_1690                     |  32|   0|   32|          0|
    |reg_1695                     |  32|   0|   32|          0|
    |reg_1700                     |  32|   0|   32|          0|
    |reg_1705                     |  32|   0|   32|          0|
    |reg_1710                     |  32|   0|   32|          0|
    |reg_1715                     |  32|   0|   32|          0|
    |reg_1720                     |  32|   0|   32|          0|
    |reg_1725                     |  32|   0|   32|          0|
    |reg_1731                     |  32|   0|   32|          0|
    |reg_1737                     |  32|   0|   32|          0|
    |reg_1743                     |  32|   0|   32|          0|
    |reg_1749                     |  32|   0|   32|          0|
    |reg_1755                     |  32|   0|   32|          0|
    |reg_1761                     |  32|   0|   32|          0|
    |reg_1767                     |  32|   0|   32|          0|
    |reg_1773                     |  32|   0|   32|          0|
    |reg_1779                     |  32|   0|   32|          0|
    |reg_1785                     |  32|   0|   32|          0|
    |reg_1790                     |  32|   0|   32|          0|
    |tmp_19_reg_2125              |  32|   0|   32|          0|
    |tmp_1_19_reg_2595            |  32|   0|   32|          0|
    |tmp_1_20_reg_2600            |  32|   0|   32|          0|
    |tmp_1_21_reg_2605            |  32|   0|   32|          0|
    |tmp_1_22_reg_2610            |  32|   0|   32|          0|
    |tmp_1_23_reg_2615            |  32|   0|   32|          0|
    |tmp_1_24_reg_2620            |  32|   0|   32|          0|
    |tmp_1_25_reg_2625            |  32|   0|   32|          0|
    |tmp_1_26_reg_2630            |  32|   0|   32|          0|
    |tmp_1_27_reg_2635            |  32|   0|   32|          0|
    |tmp_1_28_reg_2640            |  32|   0|   32|          0|
    |tmp_1_29_reg_2645            |  32|   0|   32|          0|
    |tmp_1_30_reg_2650            |  32|   0|   32|          0|
    |tmp_20_reg_2140              |  32|   0|   32|          0|
    |tmp_21_reg_2155              |  32|   0|   32|          0|
    |tmp_22_reg_2170              |  32|   0|   32|          0|
    |tmp_23_reg_2185              |  32|   0|   32|          0|
    |tmp_24_reg_2200              |  32|   0|   32|          0|
    |tmp_25_reg_2215              |  32|   0|   32|          0|
    |tmp_26_reg_2230              |  32|   0|   32|          0|
    |tmp_27_reg_2245              |  32|   0|   32|          0|
    |tmp_28_reg_2260              |  32|   0|   32|          0|
    |tmp_29_reg_2275              |  32|   0|   32|          0|
    |tmp_30_reg_2290              |  32|   0|   32|          0|
    |tmp_31_reg_2305              |  32|   0|   32|          0|
    |tmp_32_reg_2320              |  32|   0|   32|          0|
    |tmp_33_reg_2335              |  32|   0|   32|          0|
    |tmp_34_reg_2350              |  32|   0|   32|          0|
    |tmp_35_reg_2365              |  32|   0|   32|          0|
    |tmp_36_reg_2380              |  32|   0|   32|          0|
    |tmp_37_reg_2395              |  32|   0|   32|          0|
    |tmp_38_reg_2410              |  32|   0|   32|          0|
    |tmp_39_reg_2425              |  32|   0|   32|          0|
    |tmp_3_1_reg_2660             |  32|   0|   32|          0|
    |tmp_3_2_reg_2665             |  32|   0|   32|          0|
    |tmp_3_3_reg_2670             |  32|   0|   32|          0|
    |tmp_3_4_reg_2675             |  32|   0|   32|          0|
    |tmp_3_5_reg_2680             |  32|   0|   32|          0|
    |tmp_3_6_reg_2685             |  32|   0|   32|          0|
    |tmp_3_7_reg_2690             |  32|   0|   32|          0|
    |tmp_40_reg_2440              |  32|   0|   32|          0|
    |tmp_41_reg_2455              |  32|   0|   32|          0|
    |tmp_42_reg_2470              |  32|   0|   32|          0|
    |tmp_63_reg_2695              |  32|   0|   32|          0|
    |tmp_66_reg_2655              |  32|   0|   32|          0|
    |tmp_6_1_reg_2700             |  32|   0|   32|          0|
    |window0_load_124_reg_2530    |  32|   0|   32|          0|
    |window0_load_125_reg_2550    |  32|   0|   32|          0|
    |window0_load_126_reg_2570    |  32|   0|   32|          0|
    |window0_load_127_reg_2590    |  32|   0|   32|          0|
    |window0_load_60_reg_2525     |  32|   0|   32|          0|
    |window0_load_61_reg_2545     |  32|   0|   32|          0|
    |window0_load_62_reg_2565     |  32|   0|   32|          0|
    |window0_load_63_reg_2585     |  32|   0|   32|          0|
    +-----------------------------+----+----+-----+-----------+
    |Total                        |3844|   0| 3844|          0|
    +-----------------------------+----+----+-----+-----------+



================================================================
== Interface
================================================================
* Summary: 
+------------------+-----+-----+------------+--------------------+--------------+
|     RTL Ports    | Dir | Bits|  Protocol  |    Source Object   |    C Type    |
+------------------+-----+-----+------------+--------------------+--------------+
|ap_clk            |  in |    1| ap_ctrl_hs | hls_fp_accumulator | return value |
|ap_rst            |  in |    1| ap_ctrl_hs | hls_fp_accumulator | return value |
|ap_start          |  in |    1| ap_ctrl_hs | hls_fp_accumulator | return value |
|ap_done           | out |    1| ap_ctrl_hs | hls_fp_accumulator | return value |
|ap_idle           | out |    1| ap_ctrl_hs | hls_fp_accumulator | return value |
|ap_ready          | out |    1| ap_ctrl_hs | hls_fp_accumulator | return value |
|ap_return         | out |   32| ap_ctrl_hs | hls_fp_accumulator | return value |
|window0_address0  | out |    7|  ap_memory |       window0      |     array    |
|window0_ce0       | out |    1|  ap_memory |       window0      |     array    |
|window0_q0        |  in |   32|  ap_memory |       window0      |     array    |
|window0_address1  | out |    7|  ap_memory |       window0      |     array    |
|window0_ce1       | out |    1|  ap_memory |       window0      |     array    |
|window0_q1        |  in |   32|  ap_memory |       window0      |     array    |
+------------------+-----+-----+------------+--------------------+--------------+

